// Jest Snapshot v1, https://goo.gl/fbAQLP

exports[`DashHeader renders the component 1`] = `
ShallowWrapper {
  Symbol(enzyme.__root__): [Circular],
  Symbol(enzyme.__unrendered__): <DashHeader
    buildId="3"
    buildName="#3"
    buildStatus="NOT_AVAILABLE"
    buildUrl="http://localhost:8080/job/test-pipeline/3/"
    duration={1}
    endTime={"2021-02-24T23:50:56.797Z"}
    longestStage={
      Object {
        "duration": 15131,
        "title": "Preparation",
      }
    }
    startTime={"2021-02-24T23:50:56.796Z"}
  />,
  Symbol(enzyme.__renderer__): Object {
    "batchedUpdates": [Function],
    "checkPropTypes": [Function],
    "getNode": [Function],
    "render": [Function],
    "simulateError": [Function],
    "simulateEvent": [Function],
    "unmount": [Function],
  },
  Symbol(enzyme.__node__): Object {
    "instance": null,
    "key": undefined,
    "nodeType": "function",
    "props": Object {
      "children": Array [
        <ForwardRef>
          <ForwardRef>
            <img
              alt="Build timeline"
              src="logo.png"
            />
            <ForwardRef>
              Build timeline &gt; #3
            </ForwardRef>
          </ForwardRef>
          <ForwardRef
            href="http://localhost:8080/job/test-pipeline/3/"
            onClick={[Function]}
          >
            Back to Jenkins
          </ForwardRef>
        </ForwardRef>,
        <React.Fragment>
          <ForwardRef>
            <ForwardRef
              href="http://2/"
              onClick={[Function]}
            >
              Previous Build
            </ForwardRef>
            <ForwardRef
              href="http://4/"
              onClick={[Function]}
            >
              Next Build
            </ForwardRef>
          </ForwardRef>
        </React.Fragment>,
        <React.Fragment>
          <ForwardRef>
            <ForwardRef
              clickId="timeline build status"
            >
              Status: N/A
            </ForwardRef>
            <ForwardRef
              clickId="timeline start time"
            >
              Started on February 24th 2021, 06:50:56 pm
            </ForwardRef>
            <ForwardRef
              clickId="timeline running time"
            >
              Ran for 2 hours
            </ForwardRef>
          </ForwardRef>
          <ForwardRef>
            <ForwardRef
              clickId="timeline longest stage"
            >
              Longest stage: Preparation (15 seconds)
            </ForwardRef>
            <ForwardRef
              clickId="timeline end time"
            >
              Ended on February 24th 2021, 06:50:56 pm
            </ForwardRef>
            <ForwardRef />
          </ForwardRef>
        </React.Fragment>,
      ],
      "status": "NOT_AVAILABLE",
    },
    "ref": null,
    "rendered": Array [
      Object {
        "instance": null,
        "key": undefined,
        "nodeType": "function",
        "props": Object {
          "children": Array [
            <ForwardRef>
              <img
                alt="Build timeline"
                src="logo.png"
              />
              <ForwardRef>
                Build timeline &gt; #3
              </ForwardRef>
            </ForwardRef>,
            <ForwardRef
              href="http://localhost:8080/job/test-pipeline/3/"
              onClick={[Function]}
            >
              Back to Jenkins
            </ForwardRef>,
          ],
        },
        "ref": null,
        "rendered": Array [
          Object {
            "instance": null,
            "key": undefined,
            "nodeType": "function",
            "props": Object {
              "children": Array [
                <img
                  alt="Build timeline"
                  src="logo.png"
                />,
                <ForwardRef>
                  Build timeline &gt; #3
                </ForwardRef>,
              ],
            },
            "ref": null,
            "rendered": Array [
              Object {
                "instance": null,
                "key": undefined,
                "nodeType": "host",
                "props": Object {
                  "alt": "Build timeline",
                  "src": "logo.png",
                },
                "ref": null,
                "rendered": null,
                "type": "img",
              },
              Object {
                "instance": null,
                "key": undefined,
                "nodeType": "function",
                "props": Object {
                  "children": "Build timeline > #3",
                },
                "ref": null,
                "rendered": "Build timeline > #3",
                "type": Object {
                  "$$typeof": Symbol(react.forward_ref),
                  "attrs": Array [],
                  "componentStyle": ComponentStyle {
                    "componentId": "sc-ifAKCX",
                    "isStatic": true,
                    "rules": Array [
                      "
    margin-left: 10px;
    width: 100%;
",
                    ],
                  },
                  "displayName": "styled.span",
                  "render": [Function],
                  "styledComponentId": "sc-ifAKCX",
                  "target": "span",
                  "toString": [Function],
                  "warnTooManyClasses": [Function],
                  "withComponent": [Function],
                },
              },
            ],
            "type": Object {
              "$$typeof": Symbol(react.forward_ref),
              "attrs": Array [],
              "componentStyle": ComponentStyle {
                "componentId": "sc-EHOje",
                "isStatic": true,
                "rules": Array [
                  "
    display: flex;
    align-items: center;
",
                ],
              },
              "displayName": "styled.div",
              "render": [Function],
              "styledComponentId": "sc-EHOje",
              "target": "div",
              "toString": [Function],
              "warnTooManyClasses": [Function],
              "withComponent": [Function],
            },
          },
          Object {
            "instance": null,
            "key": undefined,
            "nodeType": "function",
            "props": Object {
              "children": "Back to Jenkins",
              "href": "http://localhost:8080/job/test-pipeline/3/",
              "onClick": [Function],
            },
            "ref": null,
            "rendered": "Back to Jenkins",
            "type": Object {
              "$$typeof": Symbol(react.forward_ref),
              "attrs": Array [],
              "componentStyle": ComponentStyle {
                "componentId": "sc-bZQynM",
                "isStatic": true,
                "rules": Array [
                  "
    padding: 10px;
    border: 3px solid rgba(0,0,0,0.3);
    background-color: transparent;
    cursor: pointer;
    transition: 0.5s;
    color: ",
                  "#fff",
                  ";

    &:hover {
        background-color: rgba(0,0,0,0.3);
        border-color: transparent;
    }
",
                ],
              },
              "displayName": "styled.button",
              "render": [Function],
              "styledComponentId": "sc-bZQynM",
              "target": "button",
              "toString": [Function],
              "warnTooManyClasses": [Function],
              "withComponent": [Function],
            },
          },
        ],
        "type": Object {
          "$$typeof": Symbol(react.forward_ref),
          "attrs": Array [],
          "componentStyle": ComponentStyle {
            "componentId": "sc-bxivhb",
            "isStatic": true,
            "rules": Array [
              "
    background-color:rgba(0, 0, 0, 0.2);
    padding: 10px;
    display: flex;
    align-items: center;
    justify-content: space-between;
",
            ],
          },
          "displayName": "styled.div",
          "render": [Function],
          "styledComponentId": "sc-bxivhb",
          "target": "div",
          "toString": [Function],
          "warnTooManyClasses": [Function],
          "withComponent": [Function],
        },
      },
      Object {
        "instance": null,
        "key": undefined,
        "nodeType": "function",
        "props": Object {
          "children": <ForwardRef>
            <ForwardRef
              href="http://2/"
              onClick={[Function]}
            >
              Previous Build
            </ForwardRef>
            <ForwardRef
              href="http://4/"
              onClick={[Function]}
            >
              Next Build
            </ForwardRef>
          </ForwardRef>,
        },
        "ref": null,
        "rendered": Object {
          "instance": null,
          "key": undefined,
          "nodeType": "function",
          "props": Object {
            "children": Array [
              <ForwardRef
                href="http://2/"
                onClick={[Function]}
              >
                Previous Build
              </ForwardRef>,
              <ForwardRef
                href="http://4/"
                onClick={[Function]}
              >
                Next Build
              </ForwardRef>,
            ],
          },
          "ref": null,
          "rendered": Array [
            Object {
              "instance": null,
              "key": undefined,
              "nodeType": "function",
              "props": Object {
                "children": "Previous Build",
                "href": "http://2/",
                "onClick": [Function],
              },
              "ref": null,
              "rendered": "Previous Build",
              "type": Object {
                "$$typeof": Symbol(react.forward_ref),
                "attrs": Array [],
                "componentStyle": ComponentStyle {
                  "componentId": "sc-bZQynM",
                  "isStatic": true,
                  "rules": Array [
                    "
    padding: 10px;
    border: 3px solid rgba(0,0,0,0.3);
    background-color: transparent;
    cursor: pointer;
    transition: 0.5s;
    color: ",
                    "#fff",
                    ";

    &:hover {
        background-color: rgba(0,0,0,0.3);
        border-color: transparent;
    }
",
                  ],
                },
                "displayName": "styled.button",
                "render": [Function],
                "styledComponentId": "sc-bZQynM",
                "target": "button",
                "toString": [Function],
                "warnTooManyClasses": [Function],
                "withComponent": [Function],
              },
            },
            Object {
              "instance": null,
              "key": undefined,
              "nodeType": "function",
              "props": Object {
                "children": "Next Build",
                "href": "http://4/",
                "onClick": [Function],
              },
              "ref": null,
              "rendered": "Next Build",
              "type": Object {
                "$$typeof": Symbol(react.forward_ref),
                "attrs": Array [],
                "componentStyle": ComponentStyle {
                  "componentId": "sc-bZQynM",
                  "isStatic": true,
                  "rules": Array [
                    "
    padding: 10px;
    border: 3px solid rgba(0,0,0,0.3);
    background-color: transparent;
    cursor: pointer;
    transition: 0.5s;
    color: ",
                    "#fff",
                    ";

    &:hover {
        background-color: rgba(0,0,0,0.3);
        border-color: transparent;
    }
",
                  ],
                },
                "displayName": "styled.button",
                "render": [Function],
                "styledComponentId": "sc-bZQynM",
                "target": "button",
                "toString": [Function],
                "warnTooManyClasses": [Function],
                "withComponent": [Function],
              },
            },
          ],
          "type": Object {
            "$$typeof": Symbol(react.forward_ref),
            "attrs": Array [],
            "componentStyle": ComponentStyle {
              "componentId": "sc-gzVnrw",
              "isStatic": true,
              "rules": Array [
                "
    background-color:rgba(0, 0, 0, 0.2);
    display: flex;
    justify-content: flex-start;
    padding: 10px;
",
              ],
            },
            "displayName": "styled.div",
            "render": [Function],
            "styledComponentId": "sc-gzVnrw",
            "target": "div",
            "toString": [Function],
            "warnTooManyClasses": [Function],
            "withComponent": [Function],
          },
        },
        "type": Symbol(react.fragment),
      },
      Object {
        "instance": null,
        "key": undefined,
        "nodeType": "function",
        "props": Object {
          "children": Array [
            <ForwardRef>
              <ForwardRef
                clickId="timeline build status"
              >
                Status: N/A
              </ForwardRef>
              <ForwardRef
                clickId="timeline start time"
              >
                Started on February 24th 2021, 06:50:56 pm
              </ForwardRef>
              <ForwardRef
                clickId="timeline running time"
              >
                Ran for 2 hours
              </ForwardRef>
            </ForwardRef>,
            <ForwardRef>
              <ForwardRef
                clickId="timeline longest stage"
              >
                Longest stage: Preparation (15 seconds)
              </ForwardRef>
              <ForwardRef
                clickId="timeline end time"
              >
                Ended on February 24th 2021, 06:50:56 pm
              </ForwardRef>
              <ForwardRef />
            </ForwardRef>,
          ],
        },
        "ref": null,
        "rendered": Array [
          Object {
            "instance": null,
            "key": undefined,
            "nodeType": "function",
            "props": Object {
              "children": Array [
                <ForwardRef
                  clickId="timeline build status"
                >
                  Status: N/A
                </ForwardRef>,
                <ForwardRef
                  clickId="timeline start time"
                >
                  Started on February 24th 2021, 06:50:56 pm
                </ForwardRef>,
                <ForwardRef
                  clickId="timeline running time"
                >
                  Ran for 2 hours
                </ForwardRef>,
              ],
            },
            "ref": null,
            "rendered": Array [
              Object {
                "instance": null,
                "key": undefined,
                "nodeType": "function",
                "props": Object {
                  "children": "Status: N/A",
                  "clickId": "timeline build status",
                },
                "ref": null,
                "rendered": "Status: N/A",
                "type": Object {
                  "$$typeof": Symbol(react.forward_ref),
                  "attrs": Array [],
                  "componentStyle": ComponentStyle {
                    "componentId": "sc-htpNat",
                    "isStatic": true,
                    "rules": Array [
                      "
    display: flex;
    flex: 1 0;

    justify-content: center;

    &:first-child {
        justify-content: flex-start;
        max-width: 20%;
    }

    &:last-child {
        justify-content: flex-end;
        max-width: 20%;
    }
",
                    ],
                  },
                  "displayName": "styled.span",
                  "render": [Function],
                  "styledComponentId": "sc-htpNat",
                  "target": "span",
                  "toString": [Function],
                  "warnTooManyClasses": [Function],
                  "withComponent": [Function],
                },
              },
              Object {
                "instance": null,
                "key": undefined,
                "nodeType": "function",
                "props": Object {
                  "children": "Started on February 24th 2021, 06:50:56 pm",
                  "clickId": "timeline start time",
                },
                "ref": null,
                "rendered": "Started on February 24th 2021, 06:50:56 pm",
                "type": Object {
                  "$$typeof": Symbol(react.forward_ref),
                  "attrs": Array [],
                  "componentStyle": ComponentStyle {
                    "componentId": "sc-htpNat",
                    "isStatic": true,
                    "rules": Array [
                      "
    display: flex;
    flex: 1 0;

    justify-content: center;

    &:first-child {
        justify-content: flex-start;
        max-width: 20%;
    }

    &:last-child {
        justify-content: flex-end;
        max-width: 20%;
    }
",
                    ],
                  },
                  "displayName": "styled.span",
                  "render": [Function],
                  "styledComponentId": "sc-htpNat",
                  "target": "span",
                  "toString": [Function],
                  "warnTooManyClasses": [Function],
                  "withComponent": [Function],
                },
              },
              Object {
                "instance": null,
                "key": undefined,
                "nodeType": "function",
                "props": Object {
                  "children": "Ran for 2 hours",
                  "clickId": "timeline running time",
                },
                "ref": null,
                "rendered": "Ran for 2 hours",
                "type": Object {
                  "$$typeof": Symbol(react.forward_ref),
                  "attrs": Array [],
                  "componentStyle": ComponentStyle {
                    "componentId": "sc-htpNat",
                    "isStatic": true,
                    "rules": Array [
                      "
    display: flex;
    flex: 1 0;

    justify-content: center;

    &:first-child {
        justify-content: flex-start;
        max-width: 20%;
    }

    &:last-child {
        justify-content: flex-end;
        max-width: 20%;
    }
",
                    ],
                  },
                  "displayName": "styled.span",
                  "render": [Function],
                  "styledComponentId": "sc-htpNat",
                  "target": "span",
                  "toString": [Function],
                  "warnTooManyClasses": [Function],
                  "withComponent": [Function],
                },
              },
            ],
            "type": Object {
              "$$typeof": Symbol(react.forward_ref),
              "attrs": Array [],
              "componentStyle": ComponentStyle {
                "componentId": "sc-bwzfXH",
                "isStatic": true,
                "rules": Array [
                  "
    display: flex;
    justify-content: space-between;
    padding: 10px;
",
                ],
              },
              "displayName": "styled.div",
              "render": [Function],
              "styledComponentId": "sc-bwzfXH",
              "target": "div",
              "toString": [Function],
              "warnTooManyClasses": [Function],
              "withComponent": [Function],
            },
          },
          Object {
            "instance": null,
            "key": undefined,
            "nodeType": "function",
            "props": Object {
              "children": Array [
                <ForwardRef
                  clickId="timeline longest stage"
                >
                  Longest stage: Preparation (15 seconds)
                </ForwardRef>,
                <ForwardRef
                  clickId="timeline end time"
                >
                  Ended on February 24th 2021, 06:50:56 pm
                </ForwardRef>,
                <ForwardRef />,
              ],
            },
            "ref": null,
            "rendered": Array [
              Object {
                "instance": null,
                "key": undefined,
                "nodeType": "function",
                "props": Object {
                  "children": "Longest stage: Preparation (15 seconds)",
                  "clickId": "timeline longest stage",
                },
                "ref": null,
                "rendered": "Longest stage: Preparation (15 seconds)",
                "type": Object {
                  "$$typeof": Symbol(react.forward_ref),
                  "attrs": Array [],
                  "componentStyle": ComponentStyle {
                    "componentId": "sc-htpNat",
                    "isStatic": true,
                    "rules": Array [
                      "
    display: flex;
    flex: 1 0;

    justify-content: center;

    &:first-child {
        justify-content: flex-start;
        max-width: 20%;
    }

    &:last-child {
        justify-content: flex-end;
        max-width: 20%;
    }
",
                    ],
                  },
                  "displayName": "styled.span",
                  "render": [Function],
                  "styledComponentId": "sc-htpNat",
                  "target": "span",
                  "toString": [Function],
                  "warnTooManyClasses": [Function],
                  "withComponent": [Function],
                },
              },
              Object {
                "instance": null,
                "key": undefined,
                "nodeType": "function",
                "props": Object {
                  "children": "Ended on February 24th 2021, 06:50:56 pm",
                  "clickId": "timeline end time",
                },
                "ref": null,
                "rendered": "Ended on February 24th 2021, 06:50:56 pm",
                "type": Object {
                  "$$typeof": Symbol(react.forward_ref),
                  "attrs": Array [],
                  "componentStyle": ComponentStyle {
                    "componentId": "sc-htpNat",
                    "isStatic": true,
                    "rules": Array [
                      "
    display: flex;
    flex: 1 0;

    justify-content: center;

    &:first-child {
        justify-content: flex-start;
        max-width: 20%;
    }

    &:last-child {
        justify-content: flex-end;
        max-width: 20%;
    }
",
                    ],
                  },
                  "displayName": "styled.span",
                  "render": [Function],
                  "styledComponentId": "sc-htpNat",
                  "target": "span",
                  "toString": [Function],
                  "warnTooManyClasses": [Function],
                  "withComponent": [Function],
                },
              },
              Object {
                "instance": null,
                "key": undefined,
                "nodeType": "function",
                "props": Object {},
                "ref": null,
                "rendered": null,
                "type": Object {
                  "$$typeof": Symbol(react.forward_ref),
                  "attrs": Array [],
                  "componentStyle": ComponentStyle {
                    "componentId": "sc-htpNat",
                    "isStatic": true,
                    "rules": Array [
                      "
    display: flex;
    flex: 1 0;

    justify-content: center;

    &:first-child {
        justify-content: flex-start;
        max-width: 20%;
    }

    &:last-child {
        justify-content: flex-end;
        max-width: 20%;
    }
",
                    ],
                  },
                  "displayName": "styled.span",
                  "render": [Function],
                  "styledComponentId": "sc-htpNat",
                  "target": "span",
                  "toString": [Function],
                  "warnTooManyClasses": [Function],
                  "withComponent": [Function],
                },
              },
            ],
            "type": Object {
              "$$typeof": Symbol(react.forward_ref),
              "attrs": Array [],
              "componentStyle": ComponentStyle {
                "componentId": "sc-bwzfXH",
                "isStatic": true,
                "rules": Array [
                  "
    display: flex;
    justify-content: space-between;
    padding: 10px;
",
                ],
              },
              "displayName": "styled.div",
              "render": [Function],
              "styledComponentId": "sc-bwzfXH",
              "target": "div",
              "toString": [Function],
              "warnTooManyClasses": [Function],
              "withComponent": [Function],
            },
          },
        ],
        "type": Symbol(react.fragment),
      },
    ],
    "type": Object {
      "$$typeof": Symbol(react.forward_ref),
      "attrs": Array [],
      "componentStyle": ComponentStyle {
        "componentId": "sc-bdVaJa",
        "isStatic": false,
        "rules": Array [
          "
    background-color: ",
          [Function],
          ";
    color: ",
          "#fff",
          ";

    font-family: 'Source Sans Pro', sans-serif;
    display: flex;
    flex-direction: column;
",
        ],
      },
      "displayName": "styled.header",
      "render": [Function],
      "styledComponentId": "sc-bdVaJa",
      "target": "header",
      "toString": [Function],
      "warnTooManyClasses": [Function],
      "withComponent": [Function],
    },
  },
  Symbol(enzyme.__nodes__): Array [
    Object {
      "instance": null,
      "key": undefined,
      "nodeType": "function",
      "props": Object {
        "children": Array [
          <ForwardRef>
            <ForwardRef>
              <img
                alt="Build timeline"
                src="logo.png"
              />
              <ForwardRef>
                Build timeline &gt; #3
              </ForwardRef>
            </ForwardRef>
            <ForwardRef
              href="http://localhost:8080/job/test-pipeline/3/"
              onClick={[Function]}
            >
              Back to Jenkins
            </ForwardRef>
          </ForwardRef>,
          <React.Fragment>
            <ForwardRef>
              <ForwardRef
                href="http://2/"
                onClick={[Function]}
              >
                Previous Build
              </ForwardRef>
              <ForwardRef
                href="http://4/"
                onClick={[Function]}
              >
                Next Build
              </ForwardRef>
            </ForwardRef>
          </React.Fragment>,
          <React.Fragment>
            <ForwardRef>
              <ForwardRef
                clickId="timeline build status"
              >
                Status: N/A
              </ForwardRef>
              <ForwardRef
                clickId="timeline start time"
              >
                Started on February 24th 2021, 06:50:56 pm
              </ForwardRef>
              <ForwardRef
                clickId="timeline running time"
              >
                Ran for 2 hours
              </ForwardRef>
            </ForwardRef>
            <ForwardRef>
              <ForwardRef
                clickId="timeline longest stage"
              >
                Longest stage: Preparation (15 seconds)
              </ForwardRef>
              <ForwardRef
                clickId="timeline end time"
              >
                Ended on February 24th 2021, 06:50:56 pm
              </ForwardRef>
              <ForwardRef />
            </ForwardRef>
          </React.Fragment>,
        ],
        "status": "NOT_AVAILABLE",
      },
      "ref": null,
      "rendered": Array [
        Object {
          "instance": null,
          "key": undefined,
          "nodeType": "function",
          "props": Object {
            "children": Array [
              <ForwardRef>
                <img
                  alt="Build timeline"
                  src="logo.png"
                />
                <ForwardRef>
                  Build timeline &gt; #3
                </ForwardRef>
              </ForwardRef>,
              <ForwardRef
                href="http://localhost:8080/job/test-pipeline/3/"
                onClick={[Function]}
              >
                Back to Jenkins
              </ForwardRef>,
            ],
          },
          "ref": null,
          "rendered": Array [
            Object {
              "instance": null,
              "key": undefined,
              "nodeType": "function",
              "props": Object {
                "children": Array [
                  <img
                    alt="Build timeline"
                    src="logo.png"
                  />,
                  <ForwardRef>
                    Build timeline &gt; #3
                  </ForwardRef>,
                ],
              },
              "ref": null,
              "rendered": Array [
                Object {
                  "instance": null,
                  "key": undefined,
                  "nodeType": "host",
                  "props": Object {
                    "alt": "Build timeline",
                    "src": "logo.png",
                  },
                  "ref": null,
                  "rendered": null,
                  "type": "img",
                },
                Object {
                  "instance": null,
                  "key": undefined,
                  "nodeType": "function",
                  "props": Object {
                    "children": "Build timeline > #3",
                  },
                  "ref": null,
                  "rendered": "Build timeline > #3",
                  "type": Object {
                    "$$typeof": Symbol(react.forward_ref),
                    "attrs": Array [],
                    "componentStyle": ComponentStyle {
                      "componentId": "sc-ifAKCX",
                      "isStatic": true,
                      "rules": Array [
                        "
    margin-left: 10px;
    width: 100%;
",
                      ],
                    },
                    "displayName": "styled.span",
                    "render": [Function],
                    "styledComponentId": "sc-ifAKCX",
                    "target": "span",
                    "toString": [Function],
                    "warnTooManyClasses": [Function],
                    "withComponent": [Function],
                  },
                },
              ],
              "type": Object {
                "$$typeof": Symbol(react.forward_ref),
                "attrs": Array [],
                "componentStyle": ComponentStyle {
                  "componentId": "sc-EHOje",
                  "isStatic": true,
                  "rules": Array [
                    "
    display: flex;
    align-items: center;
",
                  ],
                },
                "displayName": "styled.div",
                "render": [Function],
                "styledComponentId": "sc-EHOje",
                "target": "div",
                "toString": [Function],
                "warnTooManyClasses": [Function],
                "withComponent": [Function],
              },
            },
            Object {
              "instance": null,
              "key": undefined,
              "nodeType": "function",
              "props": Object {
                "children": "Back to Jenkins",
                "href": "http://localhost:8080/job/test-pipeline/3/",
                "onClick": [Function],
              },
              "ref": null,
              "rendered": "Back to Jenkins",
              "type": Object {
                "$$typeof": Symbol(react.forward_ref),
                "attrs": Array [],
                "componentStyle": ComponentStyle {
                  "componentId": "sc-bZQynM",
                  "isStatic": true,
                  "rules": Array [
                    "
    padding: 10px;
    border: 3px solid rgba(0,0,0,0.3);
    background-color: transparent;
    cursor: pointer;
    transition: 0.5s;
    color: ",
                    "#fff",
                    ";

    &:hover {
        background-color: rgba(0,0,0,0.3);
        border-color: transparent;
    }
",
                  ],
                },
                "displayName": "styled.button",
                "render": [Function],
                "styledComponentId": "sc-bZQynM",
                "target": "button",
                "toString": [Function],
                "warnTooManyClasses": [Function],
                "withComponent": [Function],
              },
            },
          ],
          "type": Object {
            "$$typeof": Symbol(react.forward_ref),
            "attrs": Array [],
            "componentStyle": ComponentStyle {
              "componentId": "sc-bxivhb",
              "isStatic": true,
              "rules": Array [
                "
    background-color:rgba(0, 0, 0, 0.2);
    padding: 10px;
    display: flex;
    align-items: center;
    justify-content: space-between;
",
              ],
            },
            "displayName": "styled.div",
            "render": [Function],
            "styledComponentId": "sc-bxivhb",
            "target": "div",
            "toString": [Function],
            "warnTooManyClasses": [Function],
            "withComponent": [Function],
          },
        },
        Object {
          "instance": null,
          "key": undefined,
          "nodeType": "function",
          "props": Object {
            "children": <ForwardRef>
              <ForwardRef
                href="http://2/"
                onClick={[Function]}
              >
                Previous Build
              </ForwardRef>
              <ForwardRef
                href="http://4/"
                onClick={[Function]}
              >
                Next Build
              </ForwardRef>
            </ForwardRef>,
          },
          "ref": null,
          "rendered": Object {
            "instance": null,
            "key": undefined,
            "nodeType": "function",
            "props": Object {
              "children": Array [
                <ForwardRef
                  href="http://2/"
                  onClick={[Function]}
                >
                  Previous Build
                </ForwardRef>,
                <ForwardRef
                  href="http://4/"
                  onClick={[Function]}
                >
                  Next Build
                </ForwardRef>,
              ],
            },
            "ref": null,
            "rendered": Array [
              Object {
                "instance": null,
                "key": undefined,
                "nodeType": "function",
                "props": Object {
                  "children": "Previous Build",
                  "href": "http://2/",
                  "onClick": [Function],
                },
                "ref": null,
                "rendered": "Previous Build",
                "type": Object {
                  "$$typeof": Symbol(react.forward_ref),
                  "attrs": Array [],
                  "componentStyle": ComponentStyle {
                    "componentId": "sc-bZQynM",
                    "isStatic": true,
                    "rules": Array [
                      "
    padding: 10px;
    border: 3px solid rgba(0,0,0,0.3);
    background-color: transparent;
    cursor: pointer;
    transition: 0.5s;
    color: ",
                      "#fff",
                      ";

    &:hover {
        background-color: rgba(0,0,0,0.3);
        border-color: transparent;
    }
",
                    ],
                  },
                  "displayName": "styled.button",
                  "render": [Function],
                  "styledComponentId": "sc-bZQynM",
                  "target": "button",
                  "toString": [Function],
                  "warnTooManyClasses": [Function],
                  "withComponent": [Function],
                },
              },
              Object {
                "instance": null,
                "key": undefined,
                "nodeType": "function",
                "props": Object {
                  "children": "Next Build",
                  "href": "http://4/",
                  "onClick": [Function],
                },
                "ref": null,
                "rendered": "Next Build",
                "type": Object {
                  "$$typeof": Symbol(react.forward_ref),
                  "attrs": Array [],
                  "componentStyle": ComponentStyle {
                    "componentId": "sc-bZQynM",
                    "isStatic": true,
                    "rules": Array [
                      "
    padding: 10px;
    border: 3px solid rgba(0,0,0,0.3);
    background-color: transparent;
    cursor: pointer;
    transition: 0.5s;
    color: ",
                      "#fff",
                      ";

    &:hover {
        background-color: rgba(0,0,0,0.3);
        border-color: transparent;
    }
",
                    ],
                  },
                  "displayName": "styled.button",
                  "render": [Function],
                  "styledComponentId": "sc-bZQynM",
                  "target": "button",
                  "toString": [Function],
                  "warnTooManyClasses": [Function],
                  "withComponent": [Function],
                },
              },
            ],
            "type": Object {
              "$$typeof": Symbol(react.forward_ref),
              "attrs": Array [],
              "componentStyle": ComponentStyle {
                "componentId": "sc-gzVnrw",
                "isStatic": true,
                "rules": Array [
                  "
    background-color:rgba(0, 0, 0, 0.2);
    display: flex;
    justify-content: flex-start;
    padding: 10px;
",
                ],
              },
              "displayName": "styled.div",
              "render": [Function],
              "styledComponentId": "sc-gzVnrw",
              "target": "div",
              "toString": [Function],
              "warnTooManyClasses": [Function],
              "withComponent": [Function],
            },
          },
          "type": Symbol(react.fragment),
        },
        Object {
          "instance": null,
          "key": undefined,
          "nodeType": "function",
          "props": Object {
            "children": Array [
              <ForwardRef>
                <ForwardRef
                  clickId="timeline build status"
                >
                  Status: N/A
                </ForwardRef>
                <ForwardRef
                  clickId="timeline start time"
                >
                  Started on February 24th 2021, 06:50:56 pm
                </ForwardRef>
                <ForwardRef
                  clickId="timeline running time"
                >
                  Ran for 2 hours
                </ForwardRef>
              </ForwardRef>,
              <ForwardRef>
                <ForwardRef
                  clickId="timeline longest stage"
                >
                  Longest stage: Preparation (15 seconds)
                </ForwardRef>
                <ForwardRef
                  clickId="timeline end time"
                >
                  Ended on February 24th 2021, 06:50:56 pm
                </ForwardRef>
                <ForwardRef />
              </ForwardRef>,
            ],
          },
          "ref": null,
          "rendered": Array [
            Object {
              "instance": null,
              "key": undefined,
              "nodeType": "function",
              "props": Object {
                "children": Array [
                  <ForwardRef
                    clickId="timeline build status"
                  >
                    Status: N/A
                  </ForwardRef>,
                  <ForwardRef
                    clickId="timeline start time"
                  >
                    Started on February 24th 2021, 06:50:56 pm
                  </ForwardRef>,
                  <ForwardRef
                    clickId="timeline running time"
                  >
                    Ran for 2 hours
                  </ForwardRef>,
                ],
              },
              "ref": null,
              "rendered": Array [
                Object {
                  "instance": null,
                  "key": undefined,
                  "nodeType": "function",
                  "props": Object {
                    "children": "Status: N/A",
                    "clickId": "timeline build status",
                  },
                  "ref": null,
                  "rendered": "Status: N/A",
                  "type": Object {
                    "$$typeof": Symbol(react.forward_ref),
                    "attrs": Array [],
                    "componentStyle": ComponentStyle {
                      "componentId": "sc-htpNat",
                      "isStatic": true,
                      "rules": Array [
                        "
    display: flex;
    flex: 1 0;

    justify-content: center;

    &:first-child {
        justify-content: flex-start;
        max-width: 20%;
    }

    &:last-child {
        justify-content: flex-end;
        max-width: 20%;
    }
",
                      ],
                    },
                    "displayName": "styled.span",
                    "render": [Function],
                    "styledComponentId": "sc-htpNat",
                    "target": "span",
                    "toString": [Function],
                    "warnTooManyClasses": [Function],
                    "withComponent": [Function],
                  },
                },
                Object {
                  "instance": null,
                  "key": undefined,
                  "nodeType": "function",
                  "props": Object {
                    "children": "Started on February 24th 2021, 06:50:56 pm",
                    "clickId": "timeline start time",
                  },
                  "ref": null,
                  "rendered": "Started on February 24th 2021, 06:50:56 pm",
                  "type": Object {
                    "$$typeof": Symbol(react.forward_ref),
                    "attrs": Array [],
                    "componentStyle": ComponentStyle {
                      "componentId": "sc-htpNat",
                      "isStatic": true,
                      "rules": Array [
                        "
    display: flex;
    flex: 1 0;

    justify-content: center;

    &:first-child {
        justify-content: flex-start;
        max-width: 20%;
    }

    &:last-child {
        justify-content: flex-end;
        max-width: 20%;
    }
",
                      ],
                    },
                    "displayName": "styled.span",
                    "render": [Function],
                    "styledComponentId": "sc-htpNat",
                    "target": "span",
                    "toString": [Function],
                    "warnTooManyClasses": [Function],
                    "withComponent": [Function],
                  },
                },
                Object {
                  "instance": null,
                  "key": undefined,
                  "nodeType": "function",
                  "props": Object {
                    "children": "Ran for 2 hours",
                    "clickId": "timeline running time",
                  },
                  "ref": null,
                  "rendered": "Ran for 2 hours",
                  "type": Object {
                    "$$typeof": Symbol(react.forward_ref),
                    "attrs": Array [],
                    "componentStyle": ComponentStyle {
                      "componentId": "sc-htpNat",
                      "isStatic": true,
                      "rules": Array [
                        "
    display: flex;
    flex: 1 0;

    justify-content: center;

    &:first-child {
        justify-content: flex-start;
        max-width: 20%;
    }

    &:last-child {
        justify-content: flex-end;
        max-width: 20%;
    }
",
                      ],
                    },
                    "displayName": "styled.span",
                    "render": [Function],
                    "styledComponentId": "sc-htpNat",
                    "target": "span",
                    "toString": [Function],
                    "warnTooManyClasses": [Function],
                    "withComponent": [Function],
                  },
                },
              ],
              "type": Object {
                "$$typeof": Symbol(react.forward_ref),
                "attrs": Array [],
                "componentStyle": ComponentStyle {
                  "componentId": "sc-bwzfXH",
                  "isStatic": true,
                  "rules": Array [
                    "
    display: flex;
    justify-content: space-between;
    padding: 10px;
",
                  ],
                },
                "displayName": "styled.div",
                "render": [Function],
                "styledComponentId": "sc-bwzfXH",
                "target": "div",
                "toString": [Function],
                "warnTooManyClasses": [Function],
                "withComponent": [Function],
              },
            },
            Object {
              "instance": null,
              "key": undefined,
              "nodeType": "function",
              "props": Object {
                "children": Array [
                  <ForwardRef
                    clickId="timeline longest stage"
                  >
                    Longest stage: Preparation (15 seconds)
                  </ForwardRef>,
                  <ForwardRef
                    clickId="timeline end time"
                  >
                    Ended on February 24th 2021, 06:50:56 pm
                  </ForwardRef>,
                  <ForwardRef />,
                ],
              },
              "ref": null,
              "rendered": Array [
                Object {
                  "instance": null,
                  "key": undefined,
                  "nodeType": "function",
                  "props": Object {
                    "children": "Longest stage: Preparation (15 seconds)",
                    "clickId": "timeline longest stage",
                  },
                  "ref": null,
                  "rendered": "Longest stage: Preparation (15 seconds)",
                  "type": Object {
                    "$$typeof": Symbol(react.forward_ref),
                    "attrs": Array [],
                    "componentStyle": ComponentStyle {
                      "componentId": "sc-htpNat",
                      "isStatic": true,
                      "rules": Array [
                        "
    display: flex;
    flex: 1 0;

    justify-content: center;

    &:first-child {
        justify-content: flex-start;
        max-width: 20%;
    }

    &:last-child {
        justify-content: flex-end;
        max-width: 20%;
    }
",
                      ],
                    },
                    "displayName": "styled.span",
                    "render": [Function],
                    "styledComponentId": "sc-htpNat",
                    "target": "span",
                    "toString": [Function],
                    "warnTooManyClasses": [Function],
                    "withComponent": [Function],
                  },
                },
                Object {
                  "instance": null,
                  "key": undefined,
                  "nodeType": "function",
                  "props": Object {
                    "children": "Ended on February 24th 2021, 06:50:56 pm",
                    "clickId": "timeline end time",
                  },
                  "ref": null,
                  "rendered": "Ended on February 24th 2021, 06:50:56 pm",
                  "type": Object {
                    "$$typeof": Symbol(react.forward_ref),
                    "attrs": Array [],
                    "componentStyle": ComponentStyle {
                      "componentId": "sc-htpNat",
                      "isStatic": true,
                      "rules": Array [
                        "
    display: flex;
    flex: 1 0;

    justify-content: center;

    &:first-child {
        justify-content: flex-start;
        max-width: 20%;
    }

    &:last-child {
        justify-content: flex-end;
        max-width: 20%;
    }
",
                      ],
                    },
                    "displayName": "styled.span",
                    "render": [Function],
                    "styledComponentId": "sc-htpNat",
                    "target": "span",
                    "toString": [Function],
                    "warnTooManyClasses": [Function],
                    "withComponent": [Function],
                  },
                },
                Object {
                  "instance": null,
                  "key": undefined,
                  "nodeType": "function",
                  "props": Object {},
                  "ref": null,
                  "rendered": null,
                  "type": Object {
                    "$$typeof": Symbol(react.forward_ref),
                    "attrs": Array [],
                    "componentStyle": ComponentStyle {
                      "componentId": "sc-htpNat",
                      "isStatic": true,
                      "rules": Array [
                        "
    display: flex;
    flex: 1 0;

    justify-content: center;

    &:first-child {
        justify-content: flex-start;
        max-width: 20%;
    }

    &:last-child {
        justify-content: flex-end;
        max-width: 20%;
    }
",
                      ],
                    },
                    "displayName": "styled.span",
                    "render": [Function],
                    "styledComponentId": "sc-htpNat",
                    "target": "span",
                    "toString": [Function],
                    "warnTooManyClasses": [Function],
                    "withComponent": [Function],
                  },
                },
              ],
              "type": Object {
                "$$typeof": Symbol(react.forward_ref),
                "attrs": Array [],
                "componentStyle": ComponentStyle {
                  "componentId": "sc-bwzfXH",
                  "isStatic": true,
                  "rules": Array [
                    "
    display: flex;
    justify-content: space-between;
    padding: 10px;
",
                  ],
                },
                "displayName": "styled.div",
                "render": [Function],
                "styledComponentId": "sc-bwzfXH",
                "target": "div",
                "toString": [Function],
                "warnTooManyClasses": [Function],
                "withComponent": [Function],
              },
            },
          ],
          "type": Symbol(react.fragment),
        },
      ],
      "type": Object {
        "$$typeof": Symbol(react.forward_ref),
        "attrs": Array [],
        "componentStyle": ComponentStyle {
          "componentId": "sc-bdVaJa",
          "isStatic": false,
          "rules": Array [
            "
    background-color: ",
            [Function],
            ";
    color: ",
            "#fff",
            ";

    font-family: 'Source Sans Pro', sans-serif;
    display: flex;
    flex-direction: column;
",
          ],
        },
        "displayName": "styled.header",
        "render": [Function],
        "styledComponentId": "sc-bdVaJa",
        "target": "header",
        "toString": [Function],
        "warnTooManyClasses": [Function],
        "withComponent": [Function],
      },
    },
  ],
  Symbol(enzyme.__options__): Object {
    "adapter": ReactSixteenAdapter {
      "options": Object {
        "enableComponentDidUpdateOnSetState": true,
        "legacyContextMode": "parent",
        "lifecycles": Object {
          "componentDidUpdate": Object {
            "onSetState": true,
          },
          "getChildContext": Object {
            "calledByRenderer": false,
          },
          "getDerivedStateFromProps": true,
          "getSnapshotBeforeUpdate": true,
          "setState": Object {
            "skipsComponentDidUpdateOnNullish": true,
          },
        },
      },
    },
  },
}
`;
